// Jest Snapshot v1, https://goo.gl/fbAQLP

exports[`Layout coomponent for landing should render correctly 1`] = `null`;
